// Jest Snapshot v1, https://goo.gl/fbAQLP

exports[`MovieCardDescSmall correctly renders after relaunch 1`] = `
<div
  className="movie-card__desc"
>
  <h2
    className="movie-card__title"
  >
    Macbeth
  </h2>
  <p
    className="movie-card__meta"
  >
    <span
      className="movie-card__genre"
    >
      Comedy
    </span>
    <span
      className="movie-card__year"
    />
  </p>
  <div
    className="movie-card__buttons"
  >
    <button
      className="btn btn--play movie-card__button"
      onClick={[Function]}
      type="button"
    >
      <svg
        height="19"
        viewBox="0 0 19 19"
        width="19"
      >
        <use
          xlinkHref="#play-s"
        />
      </svg>
      <span>
        Play
      </span>
    </button>
    <button
      className="btn btn--list movie-card__button"
      onClick={[Function]}
      type="button"
    >
      <svg
        height="20"
        viewBox="0 0 19 20"
        width="19"
      >
        <use
          xlinkHref="#add"
        />
      </svg>
      <span>
        My list
      </span>
    </button>
    <a
      className="btn movie-card__button"
      href="/films/1/review"
      onClick={[Function]}
    >
      Add review
    </a>
  </div>
</div>
`;
