// Jest Snapshot v1, https://goo.gl/fbAQLP

exports[`Movie player correctly renders after relaunch 1`] = `
<div
  className="player"
>
  <video
    className="player__video"
    controls={false}
    height="100%"
    muted={false}
    poster=""
    width="100%"
  >
    <source
      src=""
      type="video/mp4"
    />
  </video>
  <button
    className="player__exit"
    onClick={[Function]}
    s={true}
    type="button"
  >
    Exit
  </button>
  <div
    className="player__controls"
  >
    <div
      className="player__controls-row"
    >
      <div
        className="player__time"
      >
        <progress
          className="player__progress"
          max="100"
          value={0}
        />
        <div
          className="player__toggler"
          style={
            Object {
              "left": "0%",
            }
          }
        >
          Toggler
        </div>
      </div>
      <div
        className="player__time-value"
      >
        00:00:00
      </div>
    </div>
    <div
      className="player__controls-row"
    >
      <button
        className="btn player__play"
        onClick={[Function]}
        type="button"
      >
        <svg
          height="19"
          viewBox="0 0 19 19"
          width="19"
        >
          <use
            xlinkHref="#play-s"
          />
        </svg>
      </button>
      <div
        className="player__name"
      >
        
      </div>
      <button
        className="btn player__full-screen"
        onClick={[Function]}
        type="button"
      >
        <svg
          height="27"
          viewBox="0 0 27 27"
          width="27"
        >
          <use
            xlinkHref="#full-screen"
          />
        </svg>
      </button>
    </div>
  </div>
</div>
`;
