// Jest Snapshot v1, https://goo.gl/fbAQLP

exports[`MovieCardTabsReviews correctly renders after relaunch 1`] = `
<div
  className="movie-card__reviews movie-card__row"
>
  <div
    className="movie-card__reviews-col"
  />
</div>
`;
