// Jest Snapshot v1, https://goo.gl/fbAQLP

exports[`Components ShowMore renders correctly 1`] = `
<button
  className="catalog__button"
  onClick={[MockFunction]}
  type="button"
>
  Show more
</button>
`;
