// Jest Snapshot v1, https://goo.gl/fbAQLP

exports[`MovieCardTabsOverwiev correctly renders after relaunch 1`] = `
Array [
  <div
    className="movie-rating"
  >
    <div
      className="movie-rating__score"
    />
    <p
      className="movie-rating__meta"
    >
      <span
        className="movie-rating__level"
      >
        Bad
      </span>
      <span
        className="movie-rating__count"
      >
         ratings
      </span>
    </p>
  </div>,
  <div
    className="movie-card__text"
  >
    <p
      className="movie-card__director"
    >
      <strong>
        Director: 
      </strong>
    </p>
    <p
      className="movie-card__starring"
    >
      <strong>
        Starring: 
        
         and other
      </strong>
    </p>
  </div>,
]
`;
