// Jest Snapshot v1, https://goo.gl/fbAQLP

exports[`MoviesList correctly renders after relaunch 1`] = `
<div
  className="catalog__movies-list"
>
  <article
    className="small-movie-card catalog__movies-card"
    onMouseEnter={[Function]}
    onMouseLeave={[Function]}
  >
    <a
      className="small-movie-card__link"
      href="/films/1"
      onClick={[Function]}
    >
      <div
        className="small-movie-card__image"
      >
        <video
          height={175}
          poster=""
          src=""
          width={280}
        />
      </div>
      <h3
        className="small-movie-card__title"
      >
        Macbeth
      </h3>
    </a>
  </article>
  <article
    className="small-movie-card catalog__movies-card"
    onMouseEnter={[Function]}
    onMouseLeave={[Function]}
  >
    <a
      className="small-movie-card__link"
      href="/films/2"
      onClick={[Function]}
    >
      <div
        className="small-movie-card__image"
      >
        <video
          height={175}
          poster=""
          src=""
          width={280}
        />
      </div>
      <h3
        className="small-movie-card__title"
      >
        Aviator
      </h3>
    </a>
  </article>
</div>
`;
