// Jest Snapshot v1, https://goo.gl/fbAQLP

exports[`AddReview correctly renders after relaunch 1`] = `null`;
