// Jest Snapshot v1, https://goo.gl/fbAQLP

exports[`UserPage correctly renders after relaunch 1`] = `
<div
  className="user-block"
>
  <a
    href="/login"
    onClick={[Function]}
  >
    Sign in
  </a>
</div>
`;
