// Jest Snapshot v1, https://goo.gl/fbAQLP

exports[`MovieCardInfo correctly renders after relaunch 1`] = `null`;
